#-----------------------------------------------------------
# Vivado v2019.2.1 (64-bit)
# SW Build 2729669 on Thu Dec  5 04:48:12 MST 2019
# IP Build 2729494 on Thu Dec  5 07:38:25 MST 2019
# Start of session at: Mon Feb  7 03:27:00 2022
# Process ID: 16680
# Current directory: /home/julianscastro/Documentos/DigitalII/Labs/wp04-2021-2-gr-03/SoC_project
# Command line: vivado
# Log file: /home/julianscastro/Documentos/DigitalII/Labs/wp04-2021-2-gr-03/SoC_project/vivado.log
# Journal file: /home/julianscastro/Documentos/DigitalII/Labs/wp04-2021-2-gr-03/SoC_project/vivado.jou
#-----------------------------------------------------------
start_gui
open_project /home/julianscastro/Documentos/DigitalII/Labs/Proyecto/motores/motores.xpr
update_compile_order -fileset sources_1
open_hw_manager
connect_hw_server -allow_non_jtag
open_hw_target
set_property PROGRAM.FILE {/home/julianscastro/Documentos/DigitalII/Labs/Proyecto/motores/motores.runs/impl_1/motores.bit} [get_hw_devices xc7a100t_0]
current_hw_device [get_hw_devices xc7a100t_0]
refresh_hw_device -update_hw_probes false [lindex [get_hw_devices xc7a100t_0] 0]
refresh_hw_device [lindex [get_hw_devices xc7a100t_0] 0]
